Facts:
BareCommand "curl" (Span {spanStart = Loc {locLine = 11, locCol = 1}, spanEnd = Loc {locLine = 16, locCol = 12}, spanFile = Just "<input>"})
CmdArg "curl" "--connect-timeout" "CONNECT_TIMEOUT" (Span {spanStart = Loc {locLine = 11, locCol = 6}, spanEnd = Loc {locLine = 11, locCol = 23}, spanFile = Just "<input>"})
CmdArg "curl" "--max-time" "MAX_TIME" (Span {spanStart = Loc {locLine = 12, locCol = 6}, spanEnd = Loc {locLine = 12, locCol = 16}, spanFile = Just "<input>"})
CmdArg "curl" "--retry" "RETRY_COUNT" (Span {spanStart = Loc {locLine = 13, locCol = 6}, spanEnd = Loc {locLine = 13, locCol = 13}, spanFile = Just "<input>"})
CmdArg "curl" "--retry-delay" "RETRY_DELAY" (Span {spanStart = Loc {locLine = 14, locCol = 6}, spanEnd = Loc {locLine = 14, locCol = 19}, spanFile = Just "<input>"})
CmdArg "curl" "-o" "OUTPUT_FILE" (Span {spanStart = Loc {locLine = 15, locCol = 6}, spanEnd = Loc {locLine = 15, locCol = 8}, spanFile = Just "<input>"})
CmdPositional "curl" 0 "URL" (Span {spanStart = Loc {locLine = 16, locCol = 6}, spanEnd = Loc {locLine = 16, locCol = 12}, spanFile = Just "<input>"})
Observed "CONNECT_TIMEOUT" (Span {spanStart = Loc {locLine = 11, locCol = 25}, spanEnd = Loc {locLine = 11, locCol = 41}, spanFile = Just "<input>"})
Observed "MAX_TIME" (Span {spanStart = Loc {locLine = 12, locCol = 18}, spanEnd = Loc {locLine = 12, locCol = 27}, spanFile = Just "<input>"})
Observed "RETRY_COUNT" (Span {spanStart = Loc {locLine = 13, locCol = 15}, spanEnd = Loc {locLine = 13, locCol = 27}, spanFile = Just "<input>"})
Observed "RETRY_DELAY" (Span {spanStart = Loc {locLine = 14, locCol = 21}, spanEnd = Loc {locLine = 14, locCol = 33}, spanFile = Just "<input>"})
Observed "OUTPUT_FILE" (Span {spanStart = Loc {locLine = 15, locCol = 10}, spanEnd = Loc {locLine = 15, locCol = 22}, spanFile = Just "<input>"})
Observed "URL" (Span {spanStart = Loc {locLine = 16, locCol = 7}, spanEnd = Loc {locLine = 16, locCol = 11}, spanFile = Just "<input>"})
BareCommand "wget" (Span {spanStart = Loc {locLine = 19, locCol = 1}, spanEnd = Loc {locLine = 19, locCol = 77}, spanFile = Just "<input>"})
CmdArg "wget" "-t" "WGET_RETRIES" (Span {spanStart = Loc {locLine = 19, locCol = 6}, spanEnd = Loc {locLine = 19, locCol = 8}, spanFile = Just "<input>"})
CmdArg "wget" "-T" "WGET_TIMEOUT" (Span {spanStart = Loc {locLine = 19, locCol = 25}, spanEnd = Loc {locLine = 19, locCol = 27}, spanFile = Just "<input>"})
CmdArg "wget" "-O" "WGET_OUTPUT" (Span {spanStart = Loc {locLine = 19, locCol = 44}, spanEnd = Loc {locLine = 19, locCol = 46}, spanFile = Just "<input>"})
CmdPositional "wget" 0 "DOWNLOAD_URL" (Span {spanStart = Loc {locLine = 19, locCol = 62}, spanEnd = Loc {locLine = 19, locCol = 77}, spanFile = Just "<input>"})
Observed "WGET_RETRIES" (Span {spanStart = Loc {locLine = 19, locCol = 10}, spanEnd = Loc {locLine = 19, locCol = 23}, spanFile = Just "<input>"})
Observed "WGET_TIMEOUT" (Span {spanStart = Loc {locLine = 19, locCol = 29}, spanEnd = Loc {locLine = 19, locCol = 42}, spanFile = Just "<input>"})
Observed "WGET_OUTPUT" (Span {spanStart = Loc {locLine = 19, locCol = 48}, spanEnd = Loc {locLine = 19, locCol = 60}, spanFile = Just "<input>"})
Observed "DOWNLOAD_URL" (Span {spanStart = Loc {locLine = 19, locCol = 63}, spanEnd = Loc {locLine = 19, locCol = 76}, spanFile = Just "<input>"})
BareCommand "ssh" (Span {spanStart = Loc {locLine = 22, locCol = 1}, spanEnd = Loc {locLine = 22, locCol = 62}, spanFile = Just "<input>"})
CmdArg "ssh" "-p" "SSH_PORT" (Span {spanStart = Loc {locLine = 22, locCol = 5}, spanEnd = Loc {locLine = 22, locCol = 7}, spanFile = Just "<input>"})
CmdArg "ssh" "-i" "SSH_KEY" (Span {spanStart = Loc {locLine = 22, locCol = 20}, spanEnd = Loc {locLine = 22, locCol = 22}, spanFile = Just "<input>"})
CmdPositional "ssh" 0 "SSH_HOST" (Span {spanStart = Loc {locLine = 22, locCol = 34}, spanEnd = Loc {locLine = 22, locCol = 45}, spanFile = Just "<input>"})
Observed "SSH_PORT" (Span {spanStart = Loc {locLine = 22, locCol = 9}, spanEnd = Loc {locLine = 22, locCol = 18}, spanFile = Just "<input>"})
Observed "SSH_KEY" (Span {spanStart = Loc {locLine = 22, locCol = 24}, spanEnd = Loc {locLine = 22, locCol = 32}, spanFile = Just "<input>"})
Observed "SSH_HOST" (Span {spanStart = Loc {locLine = 22, locCol = 35}, spanEnd = Loc {locLine = 22, locCol = 44}, spanFile = Just "<input>"})
BareCommand "find" (Span {spanStart = Loc {locLine = 25, locCol = 1}, spanEnd = Loc {locLine = 25, locCol = 83}, spanFile = Just "<input>"})
CmdPositional "find" 0 "SEARCH_PATH" (Span {spanStart = Loc {locLine = 25, locCol = 6}, spanEnd = Loc {locLine = 25, locCol = 20}, spanFile = Just "<input>"})
CmdArg "find" "-maxdepth" "MAX_DEPTH" (Span {spanStart = Loc {locLine = 25, locCol = 21}, spanEnd = Loc {locLine = 25, locCol = 30}, spanFile = Just "<input>"})
CmdArg "find" "-mindepth" "MIN_DEPTH" (Span {spanStart = Loc {locLine = 25, locCol = 44}, spanEnd = Loc {locLine = 25, locCol = 53}, spanFile = Just "<input>"})
CmdArg "find" "-name" "PATTERN" (Span {spanStart = Loc {locLine = 25, locCol = 67}, spanEnd = Loc {locLine = 25, locCol = 72}, spanFile = Just "<input>"})
Observed "SEARCH_PATH" (Span {spanStart = Loc {locLine = 25, locCol = 7}, spanEnd = Loc {locLine = 25, locCol = 19}, spanFile = Just "<input>"})
Observed "MAX_DEPTH" (Span {spanStart = Loc {locLine = 25, locCol = 32}, spanEnd = Loc {locLine = 25, locCol = 42}, spanFile = Just "<input>"})
Observed "MIN_DEPTH" (Span {spanStart = Loc {locLine = 25, locCol = 55}, spanEnd = Loc {locLine = 25, locCol = 65}, spanFile = Just "<input>"})
Observed "PATTERN" (Span {spanStart = Loc {locLine = 25, locCol = 74}, spanEnd = Loc {locLine = 25, locCol = 82}, spanFile = Just "<input>"})
BareCommand "parallel" (Span {spanStart = Loc {locLine = 28, locCol = 1}, spanEnd = Loc {locLine = 28, locCol = 71}, spanFile = Just "<input>"})
CmdArg "parallel" "-j" "NUM_JOBS" (Span {spanStart = Loc {locLine = 28, locCol = 10}, spanEnd = Loc {locLine = 28, locCol = 12}, spanFile = Just "<input>"})
CmdArg "parallel" "--timeout" "JOB_TIMEOUT" (Span {spanStart = Loc {locLine = 28, locCol = 25}, spanEnd = Loc {locLine = 28, locCol = 34}, spanFile = Just "<input>"})
Observed "NUM_JOBS" (Span {spanStart = Loc {locLine = 28, locCol = 14}, spanEnd = Loc {locLine = 28, locCol = 23}, spanFile = Just "<input>"})
Observed "JOB_TIMEOUT" (Span {spanStart = Loc {locLine = 28, locCol = 36}, spanEnd = Loc {locLine = 28, locCol = 48}, spanFile = Just "<input>"})
BareCommand "timeout" (Span {spanStart = Loc {locLine = 31, locCol = 1}, spanEnd = Loc {locLine = 31, locCol = 48}, spanFile = Just "<input>"})
CmdPositional "timeout" 0 "TIMEOUT_SECONDS" (Span {spanStart = Loc {locLine = 31, locCol = 9}, spanEnd = Loc {locLine = 31, locCol = 27}, spanFile = Just "<input>"})
Observed "TIMEOUT_SECONDS" (Span {spanStart = Loc {locLine = 31, locCol = 10}, spanEnd = Loc {locLine = 31, locCol = 26}, spanFile = Just "<input>"})
BareCommand "sleep" (Span {spanStart = Loc {locLine = 34, locCol = 1}, spanEnd = Loc {locLine = 34, locCol = 23}, spanFile = Just "<input>"})
CmdPositional "sleep" 0 "SLEEP_SECONDS" (Span {spanStart = Loc {locLine = 34, locCol = 7}, spanEnd = Loc {locLine = 34, locCol = 23}, spanFile = Just "<input>"})
Observed "SLEEP_SECONDS" (Span {spanStart = Loc {locLine = 34, locCol = 8}, spanEnd = Loc {locLine = 34, locCol = 22}, spanFile = Just "<input>"})
BareCommand "nc" (Span {spanStart = Loc {locLine = 37, locCol = 1}, spanEnd = Loc {locLine = 37, locCol = 42}, spanFile = Just "<input>"})
CmdArg "nc" "-w" "NC_TIMEOUT" (Span {spanStart = Loc {locLine = 37, locCol = 4}, spanEnd = Loc {locLine = 37, locCol = 6}, spanFile = Just "<input>"})
CmdPositional "nc" 0 "NC_HOST" (Span {spanStart = Loc {locLine = 37, locCol = 21}, spanEnd = Loc {locLine = 37, locCol = 31}, spanFile = Just "<input>"})
CmdPositional "nc" 1 "NC_PORT" (Span {spanStart = Loc {locLine = 37, locCol = 32}, spanEnd = Loc {locLine = 37, locCol = 42}, spanFile = Just "<input>"})
Observed "NC_TIMEOUT" (Span {spanStart = Loc {locLine = 37, locCol = 8}, spanEnd = Loc {locLine = 37, locCol = 19}, spanFile = Just "<input>"})
Observed "NC_HOST" (Span {spanStart = Loc {locLine = 37, locCol = 22}, spanEnd = Loc {locLine = 37, locCol = 30}, spanFile = Just "<input>"})
Observed "NC_PORT" (Span {spanStart = Loc {locLine = 37, locCol = 33}, spanEnd = Loc {locLine = 37, locCol = 41}, spanFile = Just "<input>"})
BareCommand "rsync" (Span {spanStart = Loc {locLine = 40, locCol = 1}, spanEnd = Loc {locLine = 40, locCol = 70}, spanFile = Just "<input>"})
CmdArg "rsync" "--timeout" "RSYNC_TIMEOUT" (Span {spanStart = Loc {locLine = 40, locCol = 7}, spanEnd = Loc {locLine = 40, locCol = 16}, spanFile = Just "<input>"})
CmdArg "rsync" "--bwlimit" "BW_LIMIT" (Span {spanStart = Loc {locLine = 40, locCol = 34}, spanEnd = Loc {locLine = 40, locCol = 43}, spanFile = Just "<input>"})
CmdPositional "rsync" 0 "SRC" (Span {spanStart = Loc {locLine = 40, locCol = 56}, spanEnd = Loc {locLine = 40, locCol = 62}, spanFile = Just "<input>"})
CmdPositional "rsync" 1 "DEST" (Span {spanStart = Loc {locLine = 40, locCol = 63}, spanEnd = Loc {locLine = 40, locCol = 70}, spanFile = Just "<input>"})
Observed "RSYNC_TIMEOUT" (Span {spanStart = Loc {locLine = 40, locCol = 18}, spanEnd = Loc {locLine = 40, locCol = 32}, spanFile = Just "<input>"})
Observed "BW_LIMIT" (Span {spanStart = Loc {locLine = 40, locCol = 45}, spanEnd = Loc {locLine = 40, locCol = 54}, spanFile = Just "<input>"})
Observed "SRC" (Span {spanStart = Loc {locLine = 40, locCol = 57}, spanEnd = Loc {locLine = 40, locCol = 61}, spanFile = Just "<input>"})
Observed "DEST" (Span {spanStart = Loc {locLine = 40, locCol = 64}, spanEnd = Loc {locLine = 40, locCol = 69}, spanFile = Just "<input>"})
BareCommand "grep" (Span {spanStart = Loc {locLine = 43, locCol = 1}, spanEnd = Loc {locLine = 43, locCol = 93}, spanFile = Just "<input>"})
CmdArg "grep" "-m" "MAX_MATCHES" (Span {spanStart = Loc {locLine = 43, locCol = 6}, spanEnd = Loc {locLine = 43, locCol = 8}, spanFile = Just "<input>"})
CmdArg "grep" "-A" "AFTER_CONTEXT" (Span {spanStart = Loc {locLine = 43, locCol = 24}, spanEnd = Loc {locLine = 43, locCol = 26}, spanFile = Just "<input>"})
CmdArg "grep" "-B" "BEFORE_CONTEXT" (Span {spanStart = Loc {locLine = 43, locCol = 44}, spanEnd = Loc {locLine = 43, locCol = 46}, spanFile = Just "<input>"})
CmdPositional "grep" 0 "GREP_PATTERN" (Span {spanStart = Loc {locLine = 43, locCol = 65}, spanEnd = Loc {locLine = 43, locCol = 80}, spanFile = Just "<input>"})
CmdPositional "grep" 1 "GREP_FILE" (Span {spanStart = Loc {locLine = 43, locCol = 81}, spanEnd = Loc {locLine = 43, locCol = 93}, spanFile = Just "<input>"})
Observed "MAX_MATCHES" (Span {spanStart = Loc {locLine = 43, locCol = 10}, spanEnd = Loc {locLine = 43, locCol = 22}, spanFile = Just "<input>"})
Observed "AFTER_CONTEXT" (Span {spanStart = Loc {locLine = 43, locCol = 28}, spanEnd = Loc {locLine = 43, locCol = 42}, spanFile = Just "<input>"})
Observed "BEFORE_CONTEXT" (Span {spanStart = Loc {locLine = 43, locCol = 48}, spanEnd = Loc {locLine = 43, locCol = 63}, spanFile = Just "<input>"})
Observed "GREP_PATTERN" (Span {spanStart = Loc {locLine = 43, locCol = 66}, spanEnd = Loc {locLine = 43, locCol = 79}, spanFile = Just "<input>"})
Observed "GREP_FILE" (Span {spanStart = Loc {locLine = 43, locCol = 82}, spanEnd = Loc {locLine = 43, locCol = 92}, spanFile = Just "<input>"})
BareCommand "head" (Span {spanStart = Loc {locLine = 46, locCol = 1}, spanEnd = Loc {locLine = 46, locCol = 35}, spanFile = Just "<input>"})
CmdArg "head" "-n" "HEAD_LINES" (Span {spanStart = Loc {locLine = 46, locCol = 6}, spanEnd = Loc {locLine = 46, locCol = 8}, spanFile = Just "<input>"})
CmdPositional "head" 0 "HEAD_FILE" (Span {spanStart = Loc {locLine = 46, locCol = 23}, spanEnd = Loc {locLine = 46, locCol = 35}, spanFile = Just "<input>"})
Observed "HEAD_LINES" (Span {spanStart = Loc {locLine = 46, locCol = 10}, spanEnd = Loc {locLine = 46, locCol = 21}, spanFile = Just "<input>"})
Observed "HEAD_FILE" (Span {spanStart = Loc {locLine = 46, locCol = 24}, spanEnd = Loc {locLine = 46, locCol = 34}, spanFile = Just "<input>"})
BareCommand "tail" (Span {spanStart = Loc {locLine = 47, locCol = 1}, spanEnd = Loc {locLine = 47, locCol = 35}, spanFile = Just "<input>"})
CmdArg "tail" "-n" "TAIL_LINES" (Span {spanStart = Loc {locLine = 47, locCol = 6}, spanEnd = Loc {locLine = 47, locCol = 8}, spanFile = Just "<input>"})
CmdPositional "tail" 0 "TAIL_FILE" (Span {spanStart = Loc {locLine = 47, locCol = 23}, spanEnd = Loc {locLine = 47, locCol = 35}, spanFile = Just "<input>"})
Observed "TAIL_LINES" (Span {spanStart = Loc {locLine = 47, locCol = 10}, spanEnd = Loc {locLine = 47, locCol = 21}, spanFile = Just "<input>"})
Observed "TAIL_FILE" (Span {spanStart = Loc {locLine = 47, locCol = 24}, spanEnd = Loc {locLine = 47, locCol = 34}, spanFile = Just "<input>"})
BareCommand "xargs" (Span {spanStart = Loc {locLine = 50, locCol = 1}, spanEnd = Loc {locLine = 50, locCol = 44}, spanFile = Just "<input>"})
CmdArg "xargs" "-n" "XARGS_MAX" (Span {spanStart = Loc {locLine = 50, locCol = 7}, spanEnd = Loc {locLine = 50, locCol = 9}, spanFile = Just "<input>"})
CmdArg "xargs" "-P" "XARGS_PROCS" (Span {spanStart = Loc {locLine = 50, locCol = 23}, spanEnd = Loc {locLine = 50, locCol = 25}, spanFile = Just "<input>"})
Observed "XARGS_MAX" (Span {spanStart = Loc {locLine = 50, locCol = 11}, spanEnd = Loc {locLine = 50, locCol = 21}, spanFile = Just "<input>"})
Observed "XARGS_PROCS" (Span {spanStart = Loc {locLine = 50, locCol = 27}, spanEnd = Loc {locLine = 50, locCol = 39}, spanFile = Just "<input>"})
BareCommand "nix" (Span {spanStart = Loc {locLine = 53, locCol = 1}, spanEnd = Loc {locLine = 53, locCol = 64}, spanFile = Just "<input>"})
CmdArg "nix" "--max-jobs" "NIX_JOBS" (Span {spanStart = Loc {locLine = 53, locCol = 11}, spanEnd = Loc {locLine = 53, locCol = 21}, spanFile = Just "<input>"})
CmdArg "nix" "--cores" "NIX_CORES" (Span {spanStart = Loc {locLine = 53, locCol = 34}, spanEnd = Loc {locLine = 53, locCol = 41}, spanFile = Just "<input>"})
Observed "NIX_JOBS" (Span {spanStart = Loc {locLine = 53, locCol = 23}, spanEnd = Loc {locLine = 53, locCol = 32}, spanFile = Just "<input>"})
Observed "NIX_CORES" (Span {spanStart = Loc {locLine = 53, locCol = 43}, spanEnd = Loc {locLine = 53, locCol = 53}, spanFile = Just "<input>"})
BareCommand "dd" (Span {spanStart = Loc {locLine = 56, locCol = 1}, spanEnd = Loc {locLine = 56, locCol = 68}, spanFile = Just "<input>"})
Observed "DD_INPUT" (Span {spanStart = Loc {locLine = 56, locCol = 8}, spanEnd = Loc {locLine = 56, locCol = 17}, spanFile = Just "<input>"})
Observed "DD_OUTPUT" (Span {spanStart = Loc {locLine = 56, locCol = 23}, spanEnd = Loc {locLine = 56, locCol = 33}, spanFile = Just "<input>"})
Observed "DD_COUNT" (Span {spanStart = Loc {locLine = 56, locCol = 42}, spanEnd = Loc {locLine = 56, locCol = 51}, spanFile = Just "<input>"})
Observed "DD_SKIP" (Span {spanStart = Loc {locLine = 56, locCol = 59}, spanEnd = Loc {locLine = 56, locCol = 67}, spanFile = Just "<input>"})
