Facts:
AssignLit "tmp" (LitString "$(__UNSUPPORTED__)") (Span {spanStart = Loc {locLine = 8, locCol = 1}, spanEnd = Loc {locLine = 8, locCol = 4}, spanFile = Just "<input>"})
BareCommand "mktemp" (Span {spanStart = Loc {locLine = 8, locCol = 7}, spanEnd = Loc {locLine = 8, locCol = 16}, spanFile = Just "<input>"})
BareCommand "trace" (Span {spanStart = Loc {locLine = 13, locCol = 5}, spanEnd = Loc {locLine = 13, locCol = 30}, spanFile = Just "<input>"})
Observed "tmp" (Span {spanStart = Loc {locLine = 15, locCol = 12}, spanEnd = Loc {locLine = 15, locCol = 16}, spanFile = Just "<input>"})
BareCommand "git" (Span {spanStart = Loc {locLine = 15, locCol = 29}, spanEnd = Loc {locLine = 15, locCol = 68}, spanFile = Just "<input>"})
Observed "tmp" (Span {spanStart = Loc {locLine = 15, locCol = 58}, spanEnd = Loc {locLine = 15, locCol = 62}, spanFile = Just "<input>"})
Observed "tmp" (Span {spanStart = Loc {locLine = 16, locCol = 12}, spanEnd = Loc {locLine = 16, locCol = 16}, spanFile = Just "<input>"})
BareCommand "git" (Span {spanStart = Loc {locLine = 16, locCol = 31}, spanEnd = Loc {locLine = 16, locCol = 72}, spanFile = Just "<input>"})
Observed "tmp" (Span {spanStart = Loc {locLine = 16, locCol = 60}, spanEnd = Loc {locLine = 16, locCol = 64}, spanFile = Just "<input>"})
BareCommand "rm" (Span {spanStart = Loc {locLine = 18, locCol = 5}, spanEnd = Loc {locLine = 18, locCol = 18}, spanFile = Just "<input>"})
CmdArg "rm" "-rf" "tmp" (Span {spanStart = Loc {locLine = 18, locCol = 8}, spanEnd = Loc {locLine = 18, locCol = 11}, spanFile = Just "<input>"})
Observed "tmp" (Span {spanStart = Loc {locLine = 18, locCol = 13}, spanEnd = Loc {locLine = 18, locCol = 17}, spanFile = Just "<input>"})
BareCommand "trace" (Span {spanStart = Loc {locLine = 20, locCol = 5}, spanEnd = Loc {locLine = 20, locCol = 17}, spanFile = Just "<input>"})
AssignLit "repo" (LitString "https://github.com/NixOS/nixpkgs.git") (Span {spanStart = Loc {locLine = 25, locCol = 1}, spanEnd = Loc {locLine = 25, locCol = 5}, spanFile = Just "<input>"})
AssignLit "baseBranch" (LitString "${1}") (Span {spanStart = Loc {locLine = 28, locCol = 5}, spanEnd = Loc {locLine = 28, locCol = 15}, spanFile = Just "<input>"})
BareCommand "trace" (Span {spanStart = Loc {locLine = 31, locCol = 5}, spanEnd = Loc {locLine = 31, locCol = 47}, spanFile = Just "<input>"})
BareCommand "trace" (Span {spanStart = Loc {locLine = 32, locCol = 5}, spanEnd = Loc {locLine = 32, locCol = 78}, spanFile = Just "<input>"})
BareCommand "trace" (Span {spanStart = Loc {locLine = 33, locCol = 5}, spanEnd = Loc {locLine = 33, locCol = 88}, spanFile = Just "<input>"})
Observed "repo" (Span {spanStart = Loc {locLine = 33, locCol = 82}, spanEnd = Loc {locLine = 33, locCol = 87}, spanFile = Just "<input>"})
AssignLit "repo" (LitString "${1}") (Span {spanStart = Loc {locLine = 38, locCol = 5}, spanEnd = Loc {locLine = 38, locCol = 9}, spanFile = Just "<input>"})
BareCommand "git" (Span {spanStart = Loc {locLine = 42, locCol = 13}, spanEnd = Loc {locLine = 42, locCol = 35}, spanFile = Just "<input>"})
BareCommand "trace" (Span {spanStart = Loc {locLine = 43, locCol = 5}, spanEnd = Loc {locLine = 43, locCol = 95}, spanFile = Just "<input>"})
AssignLit "headSha" (LitString "$(__UNSUPPORTED__)") (Span {spanStart = Loc {locLine = 45, locCol = 1}, spanEnd = Loc {locLine = 45, locCol = 8}, spanFile = Just "<input>"})
BareCommand "git" (Span {spanStart = Loc {locLine = 45, locCol = 11}, spanEnd = Loc {locLine = 45, locCol = 29}, spanFile = Just "<input>"})
BareCommand "trace" (Span {spanStart = Loc {locLine = 46, locCol = 1}, spanEnd = Loc {locLine = 46, locCol = 49}, spanFile = Just "<input>"})
Observed "headSha" (Span {spanStart = Loc {locLine = 46, locCol = 35}, spanEnd = Loc {locLine = 46, locCol = 43}, spanFile = Just "<input>"})
BareCommand "trace" (Span {spanStart = Loc {locLine = 48, locCol = 1}, spanEnd = Loc {locLine = 48, locCol = 71}, spanFile = Just "<input>"})
Observed "tmp" (Span {spanStart = Loc {locLine = 48, locCol = 56}, spanEnd = Loc {locLine = 48, locCol = 60}, spanFile = Just "<input>"})
BareCommand "git" (Span {spanStart = Loc {locLine = 49, locCol = 1}, spanEnd = Loc {locLine = 49, locCol = 48}, spanFile = Just "<input>"})
Observed "tmp" (Span {spanStart = Loc {locLine = 49, locCol = 31}, spanEnd = Loc {locLine = 49, locCol = 35}, spanFile = Just "<input>"})
BareCommand "trace" (Span {spanStart = Loc {locLine = 50, locCol = 1}, spanEnd = Loc {locLine = 50, locCol = 13}, spanFile = Just "<input>"})
BareCommand "trace" (Span {spanStart = Loc {locLine = 52, locCol = 1}, spanEnd = Loc {locLine = 52, locCol = 66}, spanFile = Just "<input>"})
Observed "baseBranch" (Span {spanStart = Loc {locLine = 52, locCol = 32}, spanEnd = Loc {locLine = 52, locCol = 43}, spanFile = Just "<input>"})
BareCommand "git" (Span {spanStart = Loc {locLine = 53, locCol = 1}, spanEnd = Loc {locLine = 53, locCol = 46}, spanFile = Just "<input>"})
CmdArg "git" "-q" "repo" (Span {spanStart = Loc {locLine = 53, locCol = 11}, spanEnd = Loc {locLine = 53, locCol = 13}, spanFile = Just "<input>"})
Observed "repo" (Span {spanStart = Loc {locLine = 53, locCol = 15}, spanEnd = Loc {locLine = 53, locCol = 20}, spanFile = Just "<input>"})
Observed "baseBranch" (Span {spanStart = Loc {locLine = 53, locCol = 34}, spanEnd = Loc {locLine = 53, locCol = 45}, spanFile = Just "<input>"})
AssignLit "baseSha" (LitString "$(__UNSUPPORTED__)") (Span {spanStart = Loc {locLine = 54, locCol = 1}, spanEnd = Loc {locLine = 54, locCol = 8}, spanFile = Just "<input>"})
BareCommand "git" (Span {spanStart = Loc {locLine = 54, locCol = 11}, spanEnd = Loc {locLine = 54, locCol = 35}, spanFile = Just "<input>"})
BareCommand "trace" (Span {spanStart = Loc {locLine = 55, locCol = 1}, spanEnd = Loc {locLine = 55, locCol = 31}, spanFile = Just "<input>"})
Observed "baseSha" (Span {spanStart = Loc {locLine = 55, locCol = 17}, spanEnd = Loc {locLine = 55, locCol = 25}, spanFile = Just "<input>"})
BareCommand "trace" (Span {spanStart = Loc {locLine = 57, locCol = 1}, spanEnd = Loc {locLine = 57, locCol = 69}, spanFile = Just "<input>"})
Observed "tmp" (Span {spanStart = Loc {locLine = 57, locCol = 56}, spanEnd = Loc {locLine = 57, locCol = 60}, spanFile = Just "<input>"})
BareCommand "git" (Span {spanStart = Loc {locLine = 58, locCol = 1}, spanEnd = Loc {locLine = 58, locCol = 43}, spanFile = Just "<input>"})
CmdPositional "git" 2 "baseSha" (Span {spanStart = Loc {locLine = 58, locCol = 33}, spanEnd = Loc {locLine = 58, locCol = 43}, spanFile = Just "<input>"})
Observed "tmp" (Span {spanStart = Loc {locLine = 58, locCol = 22}, spanEnd = Loc {locLine = 58, locCol = 26}, spanFile = Just "<input>"})
Observed "baseSha" (Span {spanStart = Loc {locLine = 58, locCol = 34}, spanEnd = Loc {locLine = 58, locCol = 42}, spanFile = Just "<input>"})
BareCommand "trace" (Span {spanStart = Loc {locLine = 59, locCol = 1}, spanEnd = Loc {locLine = 59, locCol = 13}, spanFile = Just "<input>"})
BareCommand "trace" (Span {spanStart = Loc {locLine = 61, locCol = 1}, spanEnd = Loc {locLine = 61, locCol = 70}, spanFile = Just "<input>"})
Observed "tmp" (Span {spanStart = Loc {locLine = 61, locCol = 55}, spanEnd = Loc {locLine = 61, locCol = 59}, spanFile = Just "<input>"})
BareCommand "git" (Span {spanStart = Loc {locLine = 62, locCol = 1}, spanEnd = Loc {locLine = 62, locCol = 51}, spanFile = Just "<input>"})
CmdPositional "git" 1 "baseSha" (Span {spanStart = Loc {locLine = 62, locCol = 41}, spanEnd = Loc {locLine = 62, locCol = 51}, spanFile = Just "<input>"})
Observed "tmp" (Span {spanStart = Loc {locLine = 62, locCol = 9}, spanEnd = Loc {locLine = 62, locCol = 13}, spanFile = Just "<input>"})
Observed "baseSha" (Span {spanStart = Loc {locLine = 62, locCol = 42}, spanEnd = Loc {locLine = 62, locCol = 50}, spanFile = Just "<input>"})
BareCommand "trace" (Span {spanStart = Loc {locLine = 63, locCol = 1}, spanEnd = Loc {locLine = 63, locCol = 61}, spanFile = Just "<input>"})
BareCommand "git" (Span {spanStart = Loc {locLine = 63, locCol = 19}, spanEnd = Loc {locLine = 63, locCol = 54}, spanFile = Just "<input>"})
Observed "tmp" (Span {spanStart = Loc {locLine = 63, locCol = 27}, spanEnd = Loc {locLine = 63, locCol = 31}, spanFile = Just "<input>"})
BareCommand "trace" (Span {spanStart = Loc {locLine = 65, locCol = 1}, spanEnd = Loc {locLine = 65, locCol = 30}, spanFile = Just "<input>"})
BareCommand "nix-build" (Span {spanStart = Loc {locLine = 66, locCol = 1}, spanEnd = Loc {locLine = 66, locCol = 76}, spanFile = Just "<input>"})
Observed "tmp" (Span {spanStart = Loc {locLine = 66, locCol = 41}, spanEnd = Loc {locLine = 66, locCol = 45}, spanFile = Just "<input>"})
Observed "tmp" (Span {spanStart = Loc {locLine = 66, locCol = 64}, spanEnd = Loc {locLine = 66, locCol = 68}, spanFile = Just "<input>"})
