Facts:
Observed "EUID" (Span {spanStart = Loc {locLine = 18, locCol = 7}, spanEnd = Loc {locLine = 18, locCol = 12}, spanFile = Just "<input>"})
BareCommand "which" (Span {spanStart = Loc {locLine = 23, locCol = 4}, spanEnd = Loc {locLine = 23, locCol = 27}, spanFile = Just "<input>"})
AssignLit "TEST_PATTERNS" (LitString "__ARRAY__") (Span {spanStart = Loc {locLine = 31, locCol = 1}, spanEnd = Loc {locLine = 31, locCol = 14}, spanFile = Just "<input>"})
BareCommand "cat" (Span {spanStart = Loc {locLine = 36, locCol = 9}, spanEnd = Loc {locLine = 36, locCol = 21}, spanFile = Just "<input>"})
AssignLit "TEST_PATTERNS" (LitString "__ARRAY__") (Span {spanStart = Loc {locLine = 51, locCol = 9}, spanEnd = Loc {locLine = 51, locCol = 22}, spanFile = Just "<input>"})
BareCommand "docker" (Span {spanStart = Loc {locLine = 57, locCol = 6}, spanEnd = Loc {locLine = 57, locCol = 22}, spanFile = Just "<input>"})
AssignLit "TEST_PATTERNS" (LitString "__ARRAY__") (Span {spanStart = Loc {locLine = 63, locCol = 5}, spanEnd = Loc {locLine = 63, locCol = 18}, spanFile = Just "<input>"})
AssignLit "SELF_DIR" (LitString "$(__UNSUPPORTED__)") (Span {spanStart = Loc {locLine = 66, locCol = 1}, spanEnd = Loc {locLine = 66, locCol = 9}, spanFile = Just "<input>"})
BareCommand "realpath" (Span {spanStart = Loc {locLine = 66, locCol = 12}, spanEnd = Loc {locLine = 66, locCol = 38}, spanFile = Just "<input>"})
BareCommand "dirname" (Span {spanStart = Loc {locLine = 66, locCol = 24}, spanEnd = Loc {locLine = 66, locCol = 36}, spanFile = Just "<input>"})
Observed "SELF_DIR" (Span {spanStart = Loc {locLine = 67, locCol = 5}, spanEnd = Loc {locLine = 67, locCol = 14}, spanFile = Just "<input>"})
AssignLit "UNDER_TEST_RUNNER" (LitInt 1) (Span {spanStart = Loc {locLine = 69, locCol = 8}, spanEnd = Loc {locLine = 69, locCol = 25}, spanFile = Just "<input>"})
BareCommand "sudo" (Span {spanStart = Loc {locLine = 72, locCol = 1}, spanEnd = Loc {locLine = 72, locCol = 32}, spanFile = Just "<input>"})
BareCommand "mkdir" (Span {spanStart = Loc {locLine = 73, locCol = 1}, spanEnd = Loc {locLine = 73, locCol = 29}, spanFile = Just "<input>"})
BareCommand "sudo" (Span {spanStart = Loc {locLine = 76, locCol = 1}, spanEnd = Loc {locLine = 76, locCol = 33}, spanFile = Just "<input>"})
AssignLit "TMPDIR" (LitString "${HOME}/.cache/nativelink/") (Span {spanStart = Loc {locLine = 78, locCol = 8}, spanEnd = Loc {locLine = 78, locCol = 14}, spanFile = Just "<input>"})
Observed "HOME" (Span {spanStart = Loc {locLine = 78, locCol = 15}, spanEnd = Loc {locLine = 78, locCol = 20}, spanFile = Just "<input>"})
BareCommand "mkdir" (Span {spanStart = Loc {locLine = 79, locCol = 1}, spanEnd = Loc {locLine = 79, locCol = 19}, spanFile = Just "<input>"})
CmdArg "mkdir" "-p" "TMPDIR" (Span {spanStart = Loc {locLine = 79, locCol = 7}, spanEnd = Loc {locLine = 79, locCol = 9}, spanFile = Just "<input>"})
Observed "TMPDIR" (Span {spanStart = Loc {locLine = 79, locCol = 11}, spanEnd = Loc {locLine = 79, locCol = 18}, spanFile = Just "<input>"})
Observed "OSTYPE" (Span {spanStart = Loc {locLine = 81, locCol = 7}, spanEnd = Loc {locLine = 81, locCol = 14}, spanFile = Just "<input>"})
AssignLit "CACHE_DIR" (LitString "$(__UNSUPPORTED__)") (Span {spanStart = Loc {locLine = 82, locCol = 5}, spanEnd = Loc {locLine = 82, locCol = 14}, spanFile = Just "<input>"})
BareCommand "mktemp" (Span {spanStart = Loc {locLine = 82, locCol = 17}, spanEnd = Loc {locLine = 82, locCol = 65}, spanFile = Just "<input>"})
Observed "TMPDIR" (Span {spanStart = Loc {locLine = 82, locCol = 28}, spanEnd = Loc {locLine = 82, locCol = 37}, spanFile = Just "<input>"})
AssignLit "CACHE_DIR" (LitString "$(__UNSUPPORTED__)") (Span {spanStart = Loc {locLine = 86, locCol = 5}, spanEnd = Loc {locLine = 86, locCol = 14}, spanFile = Just "<input>"})
BareCommand "mktemp" (Span {spanStart = Loc {locLine = 86, locCol = 17}, spanEnd = Loc {locLine = 86, locCol = 85}, spanFile = Just "<input>"})
Observed "TMPDIR" (Span {spanStart = Loc {locLine = 86, locCol = 37}, spanEnd = Loc {locLine = 86, locCol = 44}, spanFile = Just "<input>"})
AssignLit "BAZEL_CACHE_DIR" (LitString "${CACHE_DIR}/bazel") (Span {spanStart = Loc {locLine = 90, locCol = 8}, spanEnd = Loc {locLine = 90, locCol = 23}, spanFile = Just "<input>"})
Observed "CACHE_DIR" (Span {spanStart = Loc {locLine = 90, locCol = 25}, spanEnd = Loc {locLine = 90, locCol = 35}, spanFile = Just "<input>"})
AssignLit "NATIVELINK_DIR" (LitString "${CACHE_DIR}/nativelink") (Span {spanStart = Loc {locLine = 95, locCol = 8}, spanEnd = Loc {locLine = 95, locCol = 22}, spanFile = Just "<input>"})
Observed "CACHE_DIR" (Span {spanStart = Loc {locLine = 95, locCol = 24}, spanEnd = Loc {locLine = 95, locCol = 34}, spanFile = Just "<input>"})
BareCommand "mkdir" (Span {spanStart = Loc {locLine = 96, locCol = 1}, spanEnd = Loc {locLine = 96, locCol = 27}, spanFile = Just "<input>"})
CmdArg "mkdir" "-p" "NATIVELINK_DIR" (Span {spanStart = Loc {locLine = 96, locCol = 7}, spanEnd = Loc {locLine = 96, locCol = 9}, spanFile = Just "<input>"})
Observed "NATIVELINK_DIR" (Span {spanStart = Loc {locLine = 96, locCol = 11}, spanEnd = Loc {locLine = 96, locCol = 26}, spanFile = Just "<input>"})
BareCommand "find" (Span {spanStart = Loc {locLine = 99, locCol = 5}, spanEnd = Loc {locLine = 99, locCol = 73}, spanFile = Just "<input>"})
CmdArg "find" "-name" "pattern" (Span {spanStart = Loc {locLine = 99, locCol = 41}, spanEnd = Loc {locLine = 99, locCol = 46}, spanFile = Just "<input>"})
Observed "SELF_DIR" (Span {spanStart = Loc {locLine = 99, locCol = 11}, spanEnd = Loc {locLine = 99, locCol = 20}, spanFile = Just "<input>"})
Observed "pattern" (Span {spanStart = Loc {locLine = 99, locCol = 48}, spanEnd = Loc {locLine = 99, locCol = 56}, spanFile = Just "<input>"})
Observed "NATIVELINK_DIR" (Span {spanStart = Loc {locLine = 101, locCol = 61}, spanEnd = Loc {locLine = 101, locCol = 76}, spanFile = Just "<input>"})
Observed "NATIVELINK_DIR" (Span {spanStart = Loc {locLine = 103, locCol = 18}, spanEnd = Loc {locLine = 103, locCol = 33}, spanFile = Just "<input>"})
BareCommand "sudo" (Span {spanStart = Loc {locLine = 104, locCol = 13}, spanEnd = Loc {locLine = 104, locCol = 48}, spanFile = Just "<input>"})
CmdPositional "sudo" 1 "NATIVELINK_DIR" (Span {spanStart = Loc {locLine = 104, locCol = 23}, spanEnd = Loc {locLine = 104, locCol = 40}, spanFile = Just "<input>"})
Observed "NATIVELINK_DIR" (Span {spanStart = Loc {locLine = 104, locCol = 24}, spanEnd = Loc {locLine = 104, locCol = 39}, spanFile = Just "<input>"})
Observed "NATIVELINK_DIR" (Span {spanStart = Loc {locLine = 106, locCol = 29}, spanEnd = Loc {locLine = 106, locCol = 44}, spanFile = Just "<input>"})
BareCommand "bazel" (Span {spanStart = Loc {locLine = 109, locCol = 9}, spanEnd = Loc {locLine = 109, locCol = 53}, spanFile = Just "<input>"})
CmdArg "bazel" "--output_base" "BAZEL_CACHE_DIR" (Span {spanStart = Loc {locLine = 109, locCol = 15}, spanEnd = Loc {locLine = 109, locCol = 47}, spanFile = Just "<input>"})
Observed "BAZEL_CACHE_DIR" (Span {spanStart = Loc {locLine = 109, locCol = 30}, spanEnd = Loc {locLine = 109, locCol = 46}, spanFile = Just "<input>"})
AssignLit "FILENAME" (LitString "$(__UNSUPPORTED__)") (Span {spanStart = Loc {locLine = 110, locCol = 9}, spanEnd = Loc {locLine = 110, locCol = 17}, spanFile = Just "<input>"})
BareCommand "basename" (Span {spanStart = Loc {locLine = 110, locCol = 20}, spanEnd = Loc {locLine = 110, locCol = 40}, spanFile = Just "<input>"})
CmdPositional "basename" 0 "fullpath" (Span {spanStart = Loc {locLine = 110, locCol = 29}, spanEnd = Loc {locLine = 110, locCol = 40}, spanFile = Just "<input>"})
Observed "fullpath" (Span {spanStart = Loc {locLine = 110, locCol = 30}, spanEnd = Loc {locLine = 110, locCol = 39}, spanFile = Just "<input>"})
Observed "FILENAME" (Span {spanStart = Loc {locLine = 111, locCol = 28}, spanEnd = Loc {locLine = 111, locCol = 37}, spanFile = Just "<input>"})
BareCommand "sudo" (Span {spanStart = Loc {locLine = 112, locCol = 9}, spanEnd = Loc {locLine = 112, locCol = 52}, spanFile = Just "<input>"})
BareCommand "perl" (Span {spanStart = Loc {locLine = 113, locCol = 12}, spanEnd = Loc {locLine = 113, locCol = 139}, spanFile = Just "<input>"})
BareCommand "sudo" (Span {spanStart = Loc {locLine = 117, locCol = 13}, spanEnd = Loc {locLine = 117, locCol = 37}, spanFile = Just "<input>"})
BareCommand "bash" (Span {spanStart = Loc {locLine = 121, locCol = 9}, spanEnd = Loc {locLine = 121, locCol = 39}, spanFile = Just "<input>"})
CmdPositional "bash" 0 "fullpath" (Span {spanStart = Loc {locLine = 121, locCol = 28}, spanEnd = Loc {locLine = 121, locCol = 39}, spanFile = Just "<input>"})
Observed "fullpath" (Span {spanStart = Loc {locLine = 121, locCol = 29}, spanEnd = Loc {locLine = 121, locCol = 38}, spanFile = Just "<input>"})
AssignLit "EXIT_CODE" (LitString "${?}") (Span {spanStart = Loc {locLine = 122, locCol = 9}, spanEnd = Loc {locLine = 122, locCol = 18}, spanFile = Just "<input>"})
Observed "EXIT_CODE" (Span {spanStart = Loc {locLine = 124, locCol = 15}, spanEnd = Loc {locLine = 124, locCol = 25}, spanFile = Just "<input>"})
Observed "FILENAME" (Span {spanStart = Loc {locLine = 125, locCol = 19}, spanEnd = Loc {locLine = 125, locCol = 28}, spanFile = Just "<input>"})
Observed "FILENAME" (Span {spanStart = Loc {locLine = 127, locCol = 19}, spanEnd = Loc {locLine = 127, locCol = 28}, spanFile = Just "<input>"})
Observed "EXIT_CODE" (Span {spanStart = Loc {locLine = 127, locCol = 51}, spanEnd = Loc {locLine = 127, locCol = 61}, spanFile = Just "<input>"})
BareCommand "sudo" (Span {spanStart = Loc {locLine = 128, locCol = 13}, spanEnd = Loc {locLine = 128, locCol = 37}, spanFile = Just "<input>"})
CmdPositional "exit" 0 "EXIT_CODE" (Span {spanStart = Loc {locLine = 129, locCol = 18}, spanEnd = Loc {locLine = 129, locCol = 28}, spanFile = Just "<input>"})
Observed "EXIT_CODE" (Span {spanStart = Loc {locLine = 129, locCol = 18}, spanEnd = Loc {locLine = 129, locCol = 28}, spanFile = Just "<input>"})
BareCommand "sudo" (Span {spanStart = Loc {locLine = 131, locCol = 9}, spanEnd = Loc {locLine = 131, locCol = 41}, spanFile = Just "<input>"})
